// Jest Snapshot v1, https://goo.gl/fbAQLP

exports[`renders learn react link 1`] = `
<div>
  <div
    class="App"
  >
    <h1
      class="heading"
    >
      Absence Page
    </h1>
    <div
      class="filters"
    >
      <div
        class="absence-type"
      >
        <div
          class="MuiBox-root css-gzce58"
        >
          <div
            class="MuiFormControl-root MuiFormControl-fullWidth css-q8hpuo-MuiFormControl-root"
          >
            <label
              class="MuiFormLabel-root MuiInputLabel-root MuiInputLabel-formControl MuiInputLabel-animated MuiInputLabel-outlined MuiFormLabel-colorPrimary MuiInputLabel-root MuiInputLabel-formControl MuiInputLabel-animated MuiInputLabel-outlined css-14s5rfu-MuiFormLabel-root-MuiInputLabel-root"
              data-shrink="false"
              id="demo-simple-select-label"
            >
              Absence Type
            </label>
            <div
              class="MuiInputBase-root MuiOutlinedInput-root MuiInputBase-colorPrimary MuiInputBase-formControl  css-1yk1gt9-MuiInputBase-root-MuiOutlinedInput-root-MuiSelect-root"
            >
              <div
                aria-expanded="false"
                aria-haspopup="listbox"
                aria-labelledby="demo-simple-select-label demo-simple-select"
                class="MuiSelect-select MuiSelect-outlined MuiInputBase-input MuiOutlinedInput-input css-11u53oe-MuiSelect-select-MuiInputBase-input-MuiOutlinedInput-input"
                id="demo-simple-select"
                role="button"
                tabindex="0"
              >
                <span
                  class="notranslate"
                >
                  â€‹
                </span>
              </div>
              <input
                aria-hidden="true"
                class="MuiSelect-nativeInput css-yf8vq0-MuiSelect-nativeInput"
                tabindex="-1"
                value=""
              />
              <svg
                aria-hidden="true"
                class="MuiSvgIcon-root MuiSvgIcon-fontSizeMedium MuiSelect-icon MuiSelect-iconOutlined css-hfutr2-MuiSvgIcon-root-MuiSelect-icon"
                data-testid="ArrowDropDownIcon"
                focusable="false"
                viewBox="0 0 24 24"
              >
                <path
                  d="M7 10l5 5 5-5z"
                />
              </svg>
              <fieldset
                aria-hidden="true"
                class="MuiOutlinedInput-notchedOutline css-1d3z3hw-MuiOutlinedInput-notchedOutline"
              >
                <legend
                  class="css-yjsfm1"
                >
                  <span>
                    Absence Type
                  </span>
                </legend>
              </fieldset>
            </div>
          </div>
        </div>
      </div>
      <div
        class="button"
      >
        <button
          class="MuiButtonBase-root MuiButton-root MuiButton-outlined MuiButton-outlinedPrimary MuiButton-sizeMedium MuiButton-outlinedSizeMedium MuiButton-root MuiButton-outlined MuiButton-outlinedPrimary MuiButton-sizeMedium MuiButton-outlinedSizeMedium css-1rwt2y5-MuiButtonBase-root-MuiButton-root"
          tabindex="0"
          type="button"
        >
          Remove All Filters
          <span
            class="MuiTouchRipple-root css-8je8zh-MuiTouchRipple-root"
          />
        </button>
      </div>
      <div
        class="absence-date"
      >
        <div
          class="MuiDateRangePickerInput-root css-1cb285q-MuiDateRangePickerInput-root"
        >
          <div
            class="MuiFormControl-root MuiTextField-root css-1u3bzj6-MuiFormControl-root-MuiTextField-root"
          >
            <label
              class="MuiFormLabel-root MuiInputLabel-root MuiInputLabel-formControl MuiInputLabel-animated MuiInputLabel-outlined MuiFormLabel-colorPrimary MuiInputLabel-root MuiInputLabel-formControl MuiInputLabel-animated MuiInputLabel-outlined css-14s5rfu-MuiFormLabel-root-MuiInputLabel-root"
              data-shrink="false"
              for=":r0:"
              id=":r0:-label"
            >
              Start-date
            </label>
            <div
              class="MuiInputBase-root MuiOutlinedInput-root MuiInputBase-colorPrimary MuiInputBase-formControl css-9ddj71-MuiInputBase-root-MuiOutlinedInput-root"
            >
              <input
                aria-invalid="false"
                class="MuiInputBase-input MuiOutlinedInput-input css-1t8l2tu-MuiInputBase-input-MuiOutlinedInput-input"
                id=":r0:"
                placeholder="mm/dd/yyyy"
                type="tel"
                value=""
              />
              <fieldset
                aria-hidden="true"
                class="MuiOutlinedInput-notchedOutline css-1d3z3hw-MuiOutlinedInput-notchedOutline"
              >
                <legend
                  class="css-yjsfm1"
                >
                  <span>
                    Start-date
                  </span>
                </legend>
              </fieldset>
            </div>
          </div>
          <div
            class="MuiBox-root css-1at62qq"
          >
             to 
          </div>
          <div
            class="MuiFormControl-root MuiTextField-root css-1u3bzj6-MuiFormControl-root-MuiTextField-root"
          >
            <label
              class="MuiFormLabel-root MuiInputLabel-root MuiInputLabel-formControl MuiInputLabel-animated MuiInputLabel-outlined MuiFormLabel-colorPrimary MuiInputLabel-root MuiInputLabel-formControl MuiInputLabel-animated MuiInputLabel-outlined css-14s5rfu-MuiFormLabel-root-MuiInputLabel-root"
              data-shrink="false"
              for=":r1:"
              id=":r1:-label"
            >
              End-date
            </label>
            <div
              class="MuiInputBase-root MuiOutlinedInput-root MuiInputBase-colorPrimary MuiInputBase-formControl css-9ddj71-MuiInputBase-root-MuiOutlinedInput-root"
            >
              <input
                aria-invalid="false"
                class="MuiInputBase-input MuiOutlinedInput-input css-1t8l2tu-MuiInputBase-input-MuiOutlinedInput-input"
                id=":r1:"
                placeholder="mm/dd/yyyy"
                type="tel"
                value=""
              />
              <fieldset
                aria-hidden="true"
                class="MuiOutlinedInput-notchedOutline css-1d3z3hw-MuiOutlinedInput-notchedOutline"
              >
                <legend
                  class="css-yjsfm1"
                >
                  <span>
                    End-date
                  </span>
                </legend>
              </fieldset>
            </div>
          </div>
        </div>
      </div>
    </div>
    <div
      class="MuiPaper-root MuiPaper-elevation MuiPaper-rounded MuiPaper-elevation1 MuiTableContainer-root css-11xur9t-MuiPaper-root-MuiTableContainer-root"
    >
      <table
        aria-label="simple table"
        class="MuiTable-root css-quj9j6-MuiTable-root"
      >
        <thead
          class="MuiTableHead-root css-15wwp11-MuiTableHead-root"
        >
          <tr
            class="MuiTableRow-root MuiTableRow-head css-1q1u3t4-MuiTableRow-root"
          >
            <th
              class="MuiTableCell-root MuiTableCell-head MuiTableCell-alignCenter MuiTableCell-sizeMedium css-1ndpvdd-MuiTableCell-root"
              scope="col"
            >
              <b>
                Member Name
              </b>
            </th>
            <th
              class="MuiTableCell-root MuiTableCell-head MuiTableCell-alignCenter MuiTableCell-sizeMedium css-1ndpvdd-MuiTableCell-root"
              scope="col"
            >
              <b>
                Type of absence
              </b>
            </th>
            <th
              class="MuiTableCell-root MuiTableCell-head MuiTableCell-alignCenter MuiTableCell-sizeMedium css-1ndpvdd-MuiTableCell-root"
              scope="col"
            >
              <b>
                Period
              </b>
            </th>
            <th
              class="MuiTableCell-root MuiTableCell-head MuiTableCell-alignCenter MuiTableCell-sizeMedium css-1ndpvdd-MuiTableCell-root"
              scope="col"
            >
              <b>
                Member note
              </b>
            </th>
            <th
              class="MuiTableCell-root MuiTableCell-head MuiTableCell-alignCenter MuiTableCell-sizeMedium css-1ndpvdd-MuiTableCell-root"
              scope="col"
            >
              <b>
                Status
              </b>
            </th>
            <th
              class="MuiTableCell-root MuiTableCell-head MuiTableCell-alignCenter MuiTableCell-sizeMedium css-1ndpvdd-MuiTableCell-root"
              scope="col"
            >
              <b>
                Admitter note
              </b>
            </th>
            <th
              class="MuiTableCell-root MuiTableCell-head MuiTableCell-alignCenter MuiTableCell-sizeMedium css-1ndpvdd-MuiTableCell-root"
              scope="col"
            >
              <b>
                Start Date
              </b>
            </th>
            <th
              class="MuiTableCell-root MuiTableCell-head MuiTableCell-alignCenter MuiTableCell-sizeMedium css-1ndpvdd-MuiTableCell-root"
              scope="col"
            >
              <b>
                End Date
              </b>
            </th>
            <th
              class="MuiTableCell-root MuiTableCell-head MuiTableCell-alignCenter MuiTableCell-sizeMedium css-1ndpvdd-MuiTableCell-root"
              scope="col"
            >
              <b>
                Export iCal File
              </b>
            </th>
          </tr>
        </thead>
        <tbody
          class="MuiTableBody-root css-apqrd9-MuiTableBody-root"
        />
      </table>
    </div>
    <br />
    <div
      class="center"
    >
      <nav
        aria-label="pagination navigation"
        class="MuiPagination-root MuiPagination-text css-1oj2twp-MuiPagination-root"
      >
        <ul
          class="MuiPagination-ul css-wjh20t-MuiPagination-ul"
        >
          <li>
            <button
              aria-label="Go to previous page"
              class="MuiButtonBase-root Mui-disabled MuiPaginationItem-root MuiPaginationItem-sizeMedium MuiPaginationItem-text MuiPaginationItem-circular Mui-disabled MuiPaginationItem-previousNext css-yuzg60-MuiButtonBase-root-MuiPaginationItem-root"
              disabled=""
              tabindex="-1"
              type="button"
            >
              <svg
                aria-hidden="true"
                class="MuiSvgIcon-root MuiSvgIcon-fontSizeMedium MuiPaginationItem-icon css-g2z002-MuiSvgIcon-root-MuiPaginationItem-icon"
                data-testid="NavigateBeforeIcon"
                focusable="false"
                viewBox="0 0 24 24"
              >
                <path
                  d="M15.41 7.41L14 6l-6 6 6 6 1.41-1.41L10.83 12z"
                />
              </svg>
            </button>
          </li>
          <li>
            <button
              aria-label="Go to next page"
              class="MuiButtonBase-root Mui-disabled MuiPaginationItem-root MuiPaginationItem-sizeMedium MuiPaginationItem-text MuiPaginationItem-circular Mui-disabled MuiPaginationItem-previousNext css-yuzg60-MuiButtonBase-root-MuiPaginationItem-root"
              disabled=""
              tabindex="-1"
              type="button"
            >
              <svg
                aria-hidden="true"
                class="MuiSvgIcon-root MuiSvgIcon-fontSizeMedium MuiPaginationItem-icon css-g2z002-MuiSvgIcon-root-MuiPaginationItem-icon"
                data-testid="NavigateNextIcon"
                focusable="false"
                viewBox="0 0 24 24"
              >
                <path
                  d="M10 6L8.59 7.41 13.17 12l-4.58 4.59L10 18l6-6z"
                />
              </svg>
            </button>
          </li>
        </ul>
      </nav>
    </div>
    <div
      class="center"
    >
      <p
        class="total-count"
      >
        <i>
          Total number of absences
        </i>
         
        <b>
          0
        </b>
      </p>
    </div>
  </div>
</div>
`;
